Repaired 1 tiny bin endpoint gap(s) conservatively.
bin   0: D <= [1.44389683889685495821653 +/- 1.05e-24]  OK  nodes=1203 amb=44 roots=20
bin   1: D <= [1.48877141861530635765868 +/- 2.33e-24]  OK  nodes=1143 amb=40 roots=20
bin   2: D <= [1.52936181360116103688794 +/- 2.82e-24]  OK  nodes=963 amb=40 roots=20
bin   3: D <= [1.57111726979452060399849 +/- 3.74e-24]  OK  nodes=535 amb=28 roots=14
bin   4: D <= [1.61127344202076872215775 +/- 3.37e-24]  OK  nodes=623 amb=28 roots=14
bin   5: D <= [1.64972388138039756681815 +/- 4.46e-24]  OK  nodes=729 amb=44 roots=14
bin   6: D <= [1.68659259864282302006471 +/- 4.43e-24]  OK  nodes=1041 amb=59 roots=12
bin   7: D <= [1.72537111169206619098912 +/- 2.36e-24]  OK  nodes=1095 amb=75 roots=16
bin   8: D <= [1.76627306715810134373239 +/- 4.14e-25]  OK  nodes=993 amb=60 roots=14
bin   9: D <= [1.80939789414045088131139 +/- 1.51e-24]  OK  nodes=1009 amb=86 roots=14
bin  10: D <= [1.84706223888574346509051 +/- 1.65e-25]  OK  nodes=1095 amb=186 roots=16
bin  11: D <= [1.87666546045379752803713 +/- 4.17e-24]  OK  nodes=501 amb=28 roots=14
bin  12: D <= [1.90634559842033940279833 +/- 3.44e-24]  OK  nodes=846 amb=87 roots=16
bin  13: D <= [1.93625245085450775246352 +/- 3.59e-24]  OK  nodes=845 amb=99 roots=16
bin  14: D <= [1.96652789941137098472444 +/- 1.14e-24]  OK  nodes=649 amb=37 roots=16
bin  15: D <= [1.99654450758927504917709 +/- 4.31e-24]  OK  nodes=1451 amb=55 roots=20
bin  16: D <= [2.00565923173553459460051 +/- 4.25e-24]  OK  nodes=1551 amb=50 roots=25
bin  17: D <= [2.01217943505203357454104 +/- 7.60e-25]  OK  nodes=1389 amb=50 roots=25
bin  18: D <= [2.01883224197796822637060 +/- 4.94e-25]  OK  nodes=1363 amb=50 roots=25
bin  19: D <= [2.02561810320505668002489 +/- 7.34e-25]  OK  nodes=1295 amb=50 roots=25
bin  20: D <= [2.03246427910106417644095 +/- 1.83e-24]  OK  nodes=1307 amb=50 roots=25
bin  21: D <= [2.03895035280540958224004 +/- 3.40e-24]  OK  nodes=1327 amb=50 roots=25
bin  22: D <= [2.04538733129113096664652 +/- 2.08e-24]  OK  nodes=1335 amb=50 roots=25
bin  23: D <= [2.05197782767019870575775 +/- 1.37e-24]  OK  nodes=1327 amb=50 roots=25
bin  24: D <= [2.05872676749776408800524 +/- 4.31e-24]  OK  nodes=1331 amb=50 roots=25
bin  25: D <= [2.06564000051388621206658 +/- 1.61e-24]  OK  nodes=1341 amb=50 roots=25
bin  26: D <= [2.07272051810345007995761 +/- 1.26e-24]  OK  nodes=1315 amb=50 roots=25
bin  27: D <= [2.07997304347009948586881 +/- 2.71e-24]  OK  nodes=1309 amb=50 roots=25
bin  28: D <= [2.08740133206798847475709 +/- 1.71e-24]  OK  nodes=1301 amb=50 roots=25
bin  29: D <= [2.09501039881995222883548 +/- 1.46e-24]  OK  nodes=1277 amb=50 roots=25
bin  30: D <= [2.10280457081061583499210 +/- 4.90e-24]  OK  nodes=1265 amb=50 roots=25
bin  31: D <= [2.11078792593814159085444 +/- 8.19e-25]  OK  nodes=1271 amb=50 roots=25
bin  32: D <= [2.11896464696277708106554 +/- 3.77e-24]  OK  nodes=1263 amb=50 roots=25
bin  33: D <= [2.12733869108677583192467 +/- 1.38e-25]  OK  nodes=1241 amb=50 roots=25
bin  34: D <= [2.13591426937431066029433 +/- 4.27e-24]  OK  nodes=1239 amb=50 roots=25
bin  35: D <= [2.14469561626570436486692 +/- 2.11e-24]  OK  nodes=1235 amb=50 roots=25
bin  36: D <= [2.15368693602096966172340 +/- 4.83e-24]  OK  nodes=1217 amb=50 roots=25
bin  37: D <= [2.16289288857163478510559 +/- 3.77e-24]  OK  nodes=1213 amb=50 roots=25
bin  38: D <= [2.17231459604123325611401 +/- 5.15e-25]  OK  nodes=1199 amb=50 roots=25
bin  39: D <= [2.18196190808035838894470 +/- 1.21e-24]  OK  nodes=1193 amb=50 roots=25
bin  40: D <= [2.19183388110420485122792 +/- 2.79e-24]  OK  nodes=1191 amb=50 roots=25
bin  41: D <= [2.20193697484679289623518 +/- 2.04e-24]  OK  nodes=1183 amb=50 roots=25
bin  42: D <= [2.21227532806736531971948 +/- 3.03e-24]  OK  nodes=1173 amb=50 roots=25
bin  43: D <= [2.22285136618984977910798 +/- 1.04e-24]  OK  nodes=1153 amb=50 roots=25
bin  44: D <= [2.23366769162633227994427 +/- 5.93e-25]  OK  nodes=1157 amb=50 roots=25
bin  45: D <= [2.24460316280976676866991 +/- 3.85e-24]  OK  nodes=1077 amb=46 roots=23
bin  46: D <= [2.25548181340672090512011 +/- 4.96e-24]  OK  nodes=1047 amb=42 roots=21
bin  47: D <= [2.26654767612188462394179 +/- 8.36e-25]  OK  nodes=1079 amb=42 roots=21
bin  48: D <= [2.27781321320650621826044 +/- 1.71e-24]  OK  nodes=1142 amb=41 roots=21
bin  49: D <= [2.28825149267773228013609 +/- 3.36e-24]  OK  nodes=1141 amb=40 roots=20
bin  50: D <= [2.29857244957341233785977 +/- 3.08e-24]  OK  nodes=1161 amb=40 roots=20
bin  51: D <= [2.30890004595759659237135 +/- 4.92e-24]  OK  nodes=1213 amb=44 roots=22
bin  52: D <= [2.31940963419752114732676 +/- 5.70e-25]  OK  nodes=1227 amb=44 roots=22
bin  53: D <= [2.33014269673932932340776 +/- 8.78e-25]  OK  nodes=1277 amb=44 roots=22
bin  54: D <= [2.34096481121665010967261 +/- 1.84e-24]  OK  nodes=1345 amb=48 roots=24
bin  55: D <= [2.35178691363069683898923 +/- 1.87e-24]  OK  nodes=1315 amb=48 roots=24
bin  56: D <= [2.36292223816286783575276 +/- 4.06e-24]  OK  nodes=1299 amb=48 roots=24
bin  57: D <= [2.37437812141511853031169 +/- 5.00e-24]  OK  nodes=1304 amb=50 roots=24
bin  58: D <= [2.38616355436842989411901 +/- 3.70e-25]  OK  nodes=1306 amb=48 roots=24
bin  59: D <= [2.39828617146094480593396 +/- 2.46e-24]  OK  nodes=1306 amb=48 roots=24
bin  60: D <= [2.41075444796114522640800 +/- 3.78e-24]  OK  nodes=1288 amb=49 roots=24
bin  61: D <= [2.42327109045121437337138 +/- 3.43e-24]  OK  nodes=1339 amb=48 roots=24
bin  62: D <= [2.43572048912609489045470 +/- 2.47e-24]  OK  nodes=1445 amb=48 roots=24
bin  63: D <= [2.44832450056941866741852 +/- 3.21e-25]  OK  nodes=1565 amb=48 roots=24
bin  64: D <= [2.46114376316621196948204 +/- 4.69e-24]  OK  nodes=1741 amb=48 roots=24
bin  65: D <= [2.47422943662522526791676 +/- 7.88e-25]  OK  nodes=2021 amb=48 roots=24
bin  66: D <= [2.48761458694990447123504 +/- 4.45e-24]  OK  nodes=2469 amb=52 roots=24
bin  67: D <= [2.50130909468001647649223 +/- 2.14e-25]  OK  nodes=1445 amb=44 roots=22
bin  68: D <= [2.51532079991745394244512 +/- 2.71e-25]  OK  nodes=1469 amb=44 roots=22
bin  69: D <= [2.52974126524958807568056 +/- 2.91e-24]  OK  nodes=1499 amb=44 roots=22
bin  70: D <= [2.54448393821080519057519 +/- 3.76e-24]  OK  nodes=1397 amb=44 roots=22
bin  71: D <= [2.55927254642443304147872 +/- 1.73e-24]  OK  nodes=1463 amb=44 roots=22
bin  72: D <= [2.57401945425267424298467 +/- 2.76e-24]  OK  nodes=1767 amb=44 roots=22
bin  73: D <= [2.58893369028795436574737 +/- 1.97e-24]  OK  nodes=1253 amb=40 roots=20
bin  74: D <= [2.60292620801067976167832 +/- 2.24e-24]  OK  nodes=1263 amb=44 roots=22
bin  75: D <= [2.61522762493701567277806 +/- 3.99e-25]  OK  nodes=1311 amb=44 roots=22
bin  76: D <= [2.62324023917089213751146 +/- 2.21e-24]  OK  nodes=1149 amb=44 roots=22
bin  77: D <= [2.62753853087337579001951 +/- 2.04e-24]  OK  nodes=1625 amb=44 roots=22
bin  78: D <= [2.61332088101204387198408 +/- 6.85e-25]  OK  nodes=8065 amb=306 roots=42
bin  79: D <= [2.61637189911389957579882 +/- 5.44e-25]  OK  nodes=6637 amb=241 roots=42
bin  80: D <= [2.61906002091771422554598 +/- 6.62e-25]  OK  nodes=6485 amb=156 roots=46
bin  81: D <= [2.62162319809707538222564 +/- 4.04e-24]  OK  nodes=7671 amb=208 roots=46
bin  82: D <= [2.62401814691771887925279 +/- 3.04e-24]  OK  nodes=9793 amb=425 roots=42
bin  83: D <= [2.62601064888933521038203 +/- 3.69e-24]  OK  nodes=7943 amb=242 roots=44
bin  84: D <= [2.62733646042028178111295 +/- 4.84e-24]  OK  nodes=5989 amb=109 roots=44
bin  87: D <= [2.62733646042028178145168 +/- 1.46e-24]  OK  nodes=5989 amb=109 roots=44
bin  88: D <= [2.62601064888933521035000 +/- 4.67e-24]  OK  nodes=7943 amb=242 roots=44
bin  89: D <= [2.62401814691771887304098 +/- 2.20e-24]  OK  nodes=9793 amb=425 roots=42
bin  90: D <= [2.62162319809707538207470 +/- 1.54e-24]  OK  nodes=7671 amb=208 roots=46
bin  91: D <= [2.61906002091771422605508 +/- 4.28e-24]  OK  nodes=6485 amb=156 roots=46
bin  92: D <= [2.61637189911389957340427 +/- 2.94e-25]  OK  nodes=6637 amb=241 roots=42
bin  93: D <= [2.61332088101204387101934 +/- 4.82e-24]  OK  nodes=8065 amb=306 roots=42
bin  94: D <= [2.62753853087337577169243 +/- 1.08e-24]  OK  nodes=1625 amb=44 roots=22
bin  95: D <= [2.62324023917089205722563 +/- 1.26e-24]  OK  nodes=1149 amb=44 roots=22
bin  96: D <= [2.61522762493701556439706 +/- 3.30e-24]  OK  nodes=1311 amb=44 roots=22
bin  97: D <= [2.60292620801067978358258 +/- 4.39e-24]  OK  nodes=1263 amb=44 roots=22
bin  98: D <= [2.58893369028795446172792 +/- 1.25e-24]  OK  nodes=1253 amb=40 roots=20
bin  99: D <= [2.57401945425267395362499 +/- 3.13e-24]  OK  nodes=1767 amb=44 roots=22
bin 100: D <= [2.55927254642443290398620 +/- 4.14e-24]  OK  nodes=1463 amb=44 roots=22
bin 101: D <= [2.54448393821080506580038 +/- 4.75e-24]  OK  nodes=1397 amb=44 roots=22
bin 102: D <= [2.52974126422389945839826 +/- 4.70e-24]  OK  nodes=1503 amb=44 roots=22
bin 103: D <= [2.51532079991745394393238 +/- 1.28e-24]  OK  nodes=1469 amb=44 roots=22
bin 104: D <= [2.50130909468001619118367 +/- 2.96e-24]  OK  nodes=1445 amb=44 roots=22
bin 105: D <= [2.48761458694990434329491 +/- 4.09e-24]  OK  nodes=2469 amb=52 roots=24
bin 106: D <= [2.47422943863112281791655 +/- 7.52e-25]  OK  nodes=2017 amb=48 roots=24
bin 107: D <= [2.46114376159486424925908 +/- 7.97e-26]  OK  nodes=1745 amb=48 roots=24
bin 108: D <= [2.44832450199316400248688 +/- 2.76e-24]  OK  nodes=1561 amb=48 roots=24
bin 109: D <= [2.43572048912609462767280 +/- 4.35e-25]  OK  nodes=1445 amb=48 roots=24
bin 110: D <= [2.42327109045121423589708 +/- 1.75e-24]  OK  nodes=1339 amb=48 roots=24
bin 111: D <= [2.41075444784219881518375 +/- 3.02e-25]  OK  nodes=1292 amb=50 roots=24
bin 112: D <= [2.39828617146094492241203 +/- 4.96e-24]  OK  nodes=1306 amb=48 roots=24
bin 113: D <= [2.38616355436842970967239 +/- 2.35e-24]  OK  nodes=1306 amb=48 roots=24
bin 114: D <= [2.37437812141511823223309 +/- 4.72e-24]  OK  nodes=1304 amb=50 roots=24
bin 115: D <= [2.36292223816286777320615 +/- 4.36e-25]  OK  nodes=1299 amb=48 roots=24
bin 116: D <= [2.35178691394453444926672 +/- 1.55e-24]  OK  nodes=1311 amb=48 roots=24
bin 117: D <= [2.34096481121665021697639 +/- 3.14e-24]  OK  nodes=1345 amb=48 roots=24
bin 118: D <= [2.33014269673932911564805 +/- 2.77e-25]  OK  nodes=1277 amb=44 roots=22
bin 119: D <= [2.31940963419752091034269 +/- 3.96e-24]  OK  nodes=1227 amb=44 roots=22
bin 120: D <= [2.30890004595759651273254 +/- 4.74e-24]  OK  nodes=1213 amb=44 roots=22
bin 121: D <= [2.29857244957341217806423 +/- 1.64e-24]  OK  nodes=1161 amb=40 roots=20
bin 122: D <= [2.28825149267773238903791 +/- 2.44e-24]  OK  nodes=1141 amb=40 roots=20
bin 123: D <= [2.27781321320650602680514 +/- 2.97e-24]  OK  nodes=1142 amb=41 roots=21
bin 124: D <= [2.26654767612188435131826 +/- 4.98e-24]  OK  nodes=1079 amb=42 roots=21
bin 125: D <= [2.25548181340672081993543 +/- 9.70e-25]  OK  nodes=1047 amb=42 roots=21
bin 126: D <= [2.24460316263531496667824 +/- 1.70e-24]  OK  nodes=1081 amb=46 roots=23
bin 127: D <= [2.23366769133935218146508 +/- 2.05e-24]  OK  nodes=1161 amb=50 roots=25
bin 128: D <= [2.22285136621311148100157 +/- 3.10e-25]  OK  nodes=1153 amb=50 roots=25
bin 129: D <= [2.21227532806736519195327 +/- 3.11e-24]  OK  nodes=1173 amb=50 roots=25
bin 130: D <= [2.20193697484679284905207 +/- 4.61e-24]  OK  nodes=1183 amb=50 roots=25
bin 131: D <= [2.19183388110420471322657 +/- 2.46e-24]  OK  nodes=1191 amb=50 roots=25
bin 132: D <= [2.18196190808035847488777 +/- 1.66e-24]  OK  nodes=1193 amb=50 roots=25
bin 133: D <= [2.17231459604123314311194 +/- 2.00e-24]  OK  nodes=1199 amb=50 roots=25
bin 134: D <= [2.16289288858427648091273 +/- 4.80e-24]  OK  nodes=1213 amb=50 roots=25
bin 135: D <= [2.15368693583897191042160 +/- 1.92e-24]  OK  nodes=1221 amb=50 roots=25
bin 136: D <= [2.14469561642651306810734 +/- 1.30e-24]  OK  nodes=1231 amb=50 roots=25
bin 137: D <= [2.13591426923585756308403 +/- 1.57e-24]  OK  nodes=1243 amb=50 roots=25
bin 138: D <= [2.12733869122816424421450 +/- 3.99e-24]  OK  nodes=1237 amb=50 roots=25
bin 139: D <= [2.11896464697341009056159 +/- 3.35e-24]  OK  nodes=1263 amb=50 roots=25
bin 140: D <= [2.11078792622115340837034 +/- 1.07e-24]  OK  nodes=1263 amb=50 roots=25
bin 141: D <= [2.10280457079350264870160 +/- 3.16e-24]  OK  nodes=1265 amb=50 roots=25
bin 142: D <= [2.09501039881995232919154 +/- 1.35e-24]  OK  nodes=1277 amb=50 roots=25
bin 143: D <= [2.08740133174780145551135 +/- 1.54e-24]  OK  nodes=1309 amb=50 roots=25
bin 144: D <= [2.07997304347009930326985 +/- 2.58e-24]  OK  nodes=1309 amb=50 roots=25
bin 145: D <= [2.07272051795509736468942 +/- 3.41e-24]  OK  nodes=1319 amb=50 roots=25
bin 146: D <= [2.06564000025296662371580 +/- 4.36e-24]  OK  nodes=1349 amb=50 roots=25
bin 147: D <= [2.05872676737921274912449 +/- 1.60e-24]  OK  nodes=1335 amb=50 roots=25
bin 148: D <= [2.05197782767019854784286 +/- 3.18e-24]  OK  nodes=1327 amb=50 roots=25
bin 149: D <= [2.04538733115810138444979 +/- 2.38e-24]  OK  nodes=1339 amb=50 roots=25
bin 150: D <= [2.03895035296265057157856 +/- 4.04e-24]  OK  nodes=1323 amb=50 roots=25
bin 151: D <= [2.03246427890192566118986 +/- 5.45e-25]  OK  nodes=1311 amb=50 roots=25
bin 152: D <= [2.02561810343659606991610 +/- 3.13e-24]  OK  nodes=1291 amb=50 roots=25
bin 153: D <= [2.01883224195402559270685 +/- 3.17e-24]  OK  nodes=1363 amb=50 roots=25
bin 154: D <= [2.01217943481659581370211 +/- 4.31e-24]  OK  nodes=1397 amb=50 roots=25
bin 155: D <= [2.00565923154919258034300 +/- 1.10e-24]  OK  nodes=1559 amb=50 roots=25
bin 156: D <= [1.99654450758927495483152 +/- 2.42e-24]  OK  nodes=1451 amb=55 roots=20
bin 157: D <= [1.96652788240271021491515 +/- 2.86e-24]  OK  nodes=764 amb=34 roots=16
bin 158: D <= [1.93625214187968858098342 +/- 4.78e-24]  OK  nodes=916 amb=105 roots=16
bin 159: D <= [1.90634553538868988482722 +/- 4.75e-24]  OK  nodes=1085 amb=132 roots=16
bin 160: D <= [1.87666540387997436405159 +/- 5.39e-25]  OK  nodes=949 amb=39 roots=14
bin 161: D <= [1.84706209377185082573896 +/- 4.13e-24]  OK  nodes=709 amb=25 roots=12
bin 162: D <= [1.80939822839329477454493 +/- 4.03e-24]  OK  nodes=1019 amb=63 roots=16
bin 163: D <= [1.76627304839429871599313 +/- 1.60e-24]  OK  nodes=1011 amb=60 roots=16
bin 164: D <= [1.72537074927252035249133 +/- 3.68e-24]  OK  nodes=1059 amb=64 roots=16
bin 165: D <= [1.68659205689870007499711 +/- 2.79e-25]  OK  nodes=1111 amb=62 roots=16
bin 166: D <= [1.64972369651447245635293 +/- 1.68e-24]  OK  nodes=401 amb=24 roots=12
bin 167: D <= [1.61127348911965547102091 +/- 2.82e-24]  OK  nodes=625 amb=28 roots=14
bin 168: D <= [1.57111712128309330927176 +/- 4.41e-24]  OK  nodes=537 amb=28 roots=14
bin 169: D <= [1.52936181360116100177955 +/- 1.99e-24]  OK  nodes=963 amb=40 roots=20
bin 170: D <= [1.48877141861530550467171 +/- 2.74e-25]  OK  nodes=1143 amb=40 roots=20
bin 171: D <= [1.44389683889685511074022 +/- 3.55e-24]  OK  nodes=1203 amb=44 roots=20

Arb verification summary
  target: 0.38055925
  target_D: [2.62771171637530818131473614161263981889810850741 +/- 4.42e-48]
  worst_D_upper_ball: [2.62753853087337579001951203472096736772801915677226053504110 +/- 4.55e-60]
  certified_lower_bound_ball: [0.3805843333028524065953742628507534461931198366 +/- 7.45e-47]
  worst_bin_index: 77
  worst_bin: ['-0.03749999999999998', '-0.02499999999999991']
  total_nodes: 300291
  total_ambiguous_cells: 11102
  max_speed_roots: 46
  elapsed_seconds: 15.728936910629272
  arb_precision_bits: 160
SUCCESS: every checked bin certifies the target.
